main.c:92:5:main	24	static
main.c:149:6:SystemClock_Config	112	static
main.c:202:13:MX_TIM1_Init	48	static
main.c:261:13:MX_TIM2_Init	48	static
main.c:319:13:MX_TIM5_Init	32	static
main.c:367:13:MX_TIM11_Init	24	static
main.c:412:13:MX_USART2_UART_Init	8	static
main.c:443:13:MX_DMA_Init	16	static
main.c:468:13:MX_GPIO_Init	48	static
main.c:497:6:encoderSpeedReaderCycle	16	static
main.c:518:10:micros	12	static
main.c:524:6:HAL_TIM_PeriodElapsedCallback	16	static
main.c:537:6:Error_Handler	4	static,ignoring_inline_asm
